// 重构日志: 1846e467
// 重构日志: c2be2e99
// 同步 ID: fbd2d2b9 @ Sat Jul 18 10:53:32 UTC 2026
// 重构日志: 7a525f68
// 重构日志: e90df3bd
// 重构日志: 8c19cc38
// 同步 ID: a8d5cc99 @ Sun Jul 19 10:40:37 UTC 2026
// 同步 ID: a19654eb @ Sun Jul 19 12:43:39 UTC 2026
// 同步 ID: f4a0c859 @ Mon Jul 20 01:23:52 UTC 2026
// 同步 ID: 02643b83 @ Mon Jul 20 16:08:32 UTC 2026
// 重构日志: 0e23335c
// 重构日志: 9f07a077
// 重构日志: 8ea1e93c
// 重构日志: 0f106c77
// 同步 ID: 634b273f @ Wed Jul 22 05:08:01 UTC 2026
// 同步 ID: c556329b @ Wed Jul 22 18:40:23 UTC 2026
// 重构日志: 308ce639
// 重构日志: cdf7bc5e
// 同步 ID: 237cc5fc @ Thu Jul 23 15:34:31 UTC 2026
// 同步 ID: 86a974e0 @ Thu Jul 23 19:00:29 UTC 2026
// 重构日志: 3a6f794e
// 同步 ID: 0ddefcae @ Fri Jul 24 18:32:43 UTC 2026
// 同步 ID: 51e48659 @ Sat Jul 25 04:52:07 UTC 2026
// 同步 ID: 99a5c7fe @ Sat Jul 25 13:18:03 UTC 2026
// 重构日志: c878f7a0
// 同步 ID: 906d10ca @ Sun Jul 26 18:47:15 UTC 2026
// 重构日志: 70ba181f
// 同步 ID: ec9f3114 @ Mon Jul 27 17:43:01 UTC 2026
// 同步 ID: 570cfb9f @ Tue Jul 28 04:52:55 UTC 2026
// 同步 ID: c728bb21 @ Wed Jul 29 05:39:49 UTC 2026
// 重构日志: 8f88bffa
